2025-10-29 09:51:32,860 - INFO - 2025-10-29 09:51:32.860157:Initialising the inference.py script
2025-10-29 09:51:32,941 - INFO - 2025-10-29 09:51:32.941808:Data Pulled in for params {'latitude': [18.5204, 43.589], 'longitude': [73.8567, -79.6441], 'start_date': '2025-10-29', 'end_date': '2025-10-29', 'hourly': ['temperature_2m', 'rain', 'wind_speed_10m', 'pressure_msl']}
2025-10-29 09:51:33,044 - INFO - Hour Data Shape:(2, 8)(Shape Should be 24)
2025-10-29 09:51:33,121 - INFO - Hour Data Min:2025-10-29 13:00:00+00:00
2025-10-29 09:51:33,128 - INFO - Hour Data Max:2025-10-29 13:00:00+00:00
2025-10-29 09:51:45,025 - INFO - 'Model loaded:', model.resource_name
2025-10-29 09:51:45,027 - ERROR - Uncaught exception
Traceback (most recent call last):
  File "C:\Users\Sanaaya\Desktop\temperature_data_predictor_batch\src\inference.py", line 85, in <module>
    main()
    ~~~~^^
  File "C:\Users\Sanaaya\Desktop\temperature_data_predictor_batch\src\inference.py", line 81, in main
    y_pred, data = pull_data_for_inference(API_PATH, project_id,model_id)
                   ~~~~~~~~~~~~~~~~~~~~~~~^^^^^^^^^^^^^^^^^^^^^^^^^^^^^^^
  File "C:\Users\Sanaaya\Desktop\temperature_data_predictor_batch\src\inference.py", line 69, in pull_data_for_inference
    y_pred=model.predict(data_for_pred)
           ^^^^^^^^^^^^^
AttributeError: 'Model' object has no attribute 'predict'
2025-10-29 10:33:27,562 - INFO - 2025-10-29 10:33:27.562756:Initialising the inference.py script
2025-10-29 10:33:27,565 - ERROR - Uncaught exception
Traceback (most recent call last):
  File "C:\Users\Sanaaya\Desktop\temperature_data_predictor_batch\src\inference.py", line 85, in <module>
    main()
    ~~~~^^
  File "C:\Users\Sanaaya\Desktop\temperature_data_predictor_batch\src\inference.py", line 81, in main
    y_pred, data = pull_data_for_inference(API_PATH, project_id,model_id)
                                                     ^^^^^^^^^^
NameError: name 'project_id' is not defined
2025-10-29 10:34:04,631 - INFO - 2025-10-29 10:34:04.631637:Initialising the inference.py script
2025-10-29 10:34:04,674 - INFO - 2025-10-29 10:34:04.674196:Data Pulled in for params {'latitude': [18.5204, 43.589], 'longitude': [73.8567, -79.6441], 'start_date': '2025-10-29', 'end_date': '2025-10-29', 'hourly': ['temperature_2m', 'rain', 'wind_speed_10m', 'pressure_msl']}
2025-10-29 10:34:04,701 - INFO - Hour Data Shape:(2, 8)(Shape Should be 24)
2025-10-29 10:34:04,724 - INFO - Hour Data Min:2025-10-29 14:00:00+00:00
2025-10-29 10:34:04,730 - INFO - Hour Data Max:2025-10-29 14:00:00+00:00
2025-10-29 10:34:15,916 - INFO - 'Model loaded:', <Bucket: temp_model_artifacts>,<google.cloud.storage.client.Client object at 0x0000027DA0365940>
2025-10-29 10:34:15,937 - INFO - Y pred Shape:(2,)(Shape Should be 2)
2025-10-29 10:34:15,940 - INFO - inference script is run successfully
2025-10-29 10:34:15,940 - INFO - chalo!
2025-10-29 10:34:15,942 - INFO - Inference complete!
2025-10-29 10:38:37,337 - INFO - 2025-10-29 10:38:37.337011:Initialising the inference.py script
2025-10-29 10:38:37,368 - INFO - 2025-10-29 10:38:37.368685:Data Pulled in for params {'latitude': [18.5204, 43.589], 'longitude': [73.8567, -79.6441], 'start_date': '2025-10-29', 'end_date': '2025-10-29', 'hourly': ['temperature_2m', 'rain', 'wind_speed_10m', 'pressure_msl']}
2025-10-29 10:38:37,378 - INFO - Hour Data Shape:(2, 8)(Shape Should be 24)
2025-10-29 10:38:37,379 - INFO - Hour Data Min:2025-10-29 14:00:00+00:00
2025-10-29 10:38:37,380 - INFO - Hour Data Max:2025-10-29 14:00:00+00:00
2025-10-29 10:38:47,742 - INFO - 'Model loaded:', <Bucket: temp_model_artifacts>,<google.cloud.storage.client.Client object at 0x0000028259EA5940>
2025-10-29 10:38:47,788 - INFO - Y pred Shape:(2,)(Shape Should be 2)
2025-10-29 10:38:47,789 - INFO - inference script is run successfully
2025-10-29 10:38:47,790 - INFO - chalo!
2025-10-29 10:38:47,791 - INFO - Inference complete!
